TF1 ABC
TF2 AB
TF3 XAB
TF4 XAB Z
TF-WECHSEL 5
TF-CURSOR 5
CB-OFFEN wahr
CB-AUSWAHL 0
CB-IDX 0 RUFE 1
CB-ZU falsch
CB-DOWN 1
CB-RETURN-OFFEN wahr
CB-ESCAPE-OFFEN falsch
ZEICHNEN wahr
BEFEHLE>0 wahr
UIM-WIDGETS-NEU-OK
STATE0 normal
STATE1 disabled
FOCUS-DISABLED falsch
STATE2 error
STATE3 loading
STATE4 selected
TF-IN0 filled
TF-IN1 empty
TF-IN2 filled
TF-IN3 readonly
TF-IN4 invalid
TF-STATE error
RADIO1 wahr/falsch
RADIO2 falsch/wahr
SCHALTER wahr
TOGGLE wahr
W1-DRAW wahr
SPINNER 3
RATING 3
W1-DRAW2 wahr
RATING-VEKTOR wahr/wahr
SPINNER-TICK 4
PROGRESS-UNBESTIMMT wahr
SPINNER-FRAMES 6
PROGRESS-FRAMES wahr
TICK-AKTIV wahr
TICK-IDLE wahr
W2-FACTORY wahr/wahr/wahr/wahr
W2-DRAW wahr
W2-TAB 1
W2-EXPAND wahr
W2-TOOLTIP wahr
W2-CONTEXT wahr
W2-CALLS 1
NATIVE-UI-12-W2-OK
W4-FACTORY wahr/wahr/wahr/wahr
W4-MESSAGE falsch/0
W4-FOCUS wahr
W4-INPUT falsch/Q/wahr
W4-TOAST-OPEN wahr/wahr
W4-TOAST-CLOSE falsch
W4-SNACK falsch/1
NATIVE-UI-12-W4-OK
W3-FACTORY wahr/wahr/wahr/wahr
W3-DRAG 210/216
W3-DRAW wahr
W3-TEILER 210/216
W3-CARD 10
W3-STACK 0/24
W3-GRID 52/32
W3-TITLE-PAD wahr
W3-OVERLAY 100/90
W3-CLOSE falsch
NATIVE-UI-12-W3-OK
W5-FACTORY wahr/wahr/wahr/wahr
W5-VISIBLE wahr/wahr
W5-TREE wahr/0/1
W5-TREE-DOWN 1/2
W5-GRID 1/2
W5-GRID-SCROLL wahr
W5-DRAW wahr
W5-GRID-HEADER-PAD wahr
NATIVE-UI-12-W5A-OK
W5B-FACTORY wahr/wahr/wahr
W5B-SCROLL wahr
W5B-CLICK 1/2
W5B-DOWN 3/4
W5B-RAD wahr
W5B-DRAW wahr
W5B-CLIP-LIST wahr
W5B-CLIP-ICON wahr
W5B-ELLIPSIS wahr
NATIVE-UI-12-W5B-OK
W5C-FACTORY wahr/wahr/wahr/wahr/wahr
W5C-PLACEHOLDER Suchen
W5C-SEARCH X
W5C-NUM 125
W5C-PW ******
W5C-ML wahr
W5C-AUTO Alpha/0
W5C-DRAW wahr
NATIVE-UI-12-W5C-OK
W5D-FACTORY wahr/wahr/wahr/wahr
W5D-A11Y Vorschau
W5D-DRAW wahr
NATIVE-UI-12-W5D-OK
W5E-FACTORY wahr/wahr/wahr
W5E-COLOR 2
W5E-CAL 8
W5E-CAL-TASTEN wahr/wahr/wahr
W5E-DRAW wahr
W5E-CELL-BOUNDS wahr
W5E-HEADER-PAD wahr
NATIVE-UI-12-W5E-OK
W5F-FACTORY wahr/wahr/wahr/wahr
W5F-SELECT 1/1
W5F-GAUGE 55
W5F-DRAW wahr
NATIVE-UI-12-W5F-OK
W5G-FACTORY wahr/wahr
W5G-CALLBACK wahr
W5G-COMMAND hi
W5G-TERMINAL-TASTEN wahr/wahr/wahr/wahr
W5G-HISTORY hi
W5G-SCROLL wahr
W5G-DRAW wahr
W5G-FOCUS-INSET wahr
W5G-CODE-MARK-INSET wahr
NATIVE-UI-12-W5G-OK
VALID-BIND falsch
VALID-EMPTY invalid/PFLICHT/PFLICHT
VALID-FORMAT invalid/FORMAT
VALID-NAME-OK wahr/filled/Nur Grossbuchstaben
VALID-RANGE invalid/BEREICH
VALID-RANGE-OK wahr/0 bis 99
VALID-DRAW wahr
NATIVE-UI-13-VALID-OK
W6-C1-SCROLL-CLICK wahr/wahr
W6-C1-FOCUS-VISIBLE wahr/wahr
W6-C1-OK
W6-C2-HIDDEN-SKIP wahr
W6-C2-EXP-OPEN wahr
W6-C2-TAB-ACTIVE wahr
W6-C2-MODAL wahr/wahr
W6-C2-OK
W6-C3-Z-HIT wahr/wahr
W6-C3-OK
W6-C4-DEFAULT wahr/wahr
W6-C4-OVERRIDE wahr/wahr
W6-C4-OK
API1-BOOL wahr/wahr/wahr wahr/wahr/wahr wahr/wahr/wahr wahr/wahr/wahr
API1-ZAHL wahr/wahr/7 wahr/wahr/1 wahr/wahr/1 wahr/wahr/5 wahr/wahr/10
API1-TEXT wahr/wahr/tf wahr/wahr/such wahr/wahr/12 wahr/wahr/pw wahr/wahr/mehr wahr/wahr/auto
API1-AUSWAHL wahr/wahr/1 wahr/wahr/1 wahr/wahr/1 wahr/wahr/1 wahr/wahr/1 wahr/wahr/1
API1-DATUM wahr/wahr/9 wahr/wahr/10
API1-CHART wahr/wahr/2 wahr/wahr/2 wahr/wahr/2
API1-SPEZIAL wahr/wahr/1 wahr/wahr/wahr wahr/wahr/0.5 wahr/wahr/falsch wahr/wahr/cmd wahr/wahr/neu
API1-LEGACY wahr/wahr/wahr/wahr
API1-MUTATIONEN wahr/wahr/wahr/wahr/wahr/wahr/wahr/wahr/wahr/wahr/wahr
W6-API1-OK
API2-STATUS wahr
API2-DATEN wahr
API2-EINGABE wahr
API2-MEDIEN wahr
API2-LAYOUT wahr
API2-DIALOG wahr
API2-OPS wahr
W6-API2-OK
API3-GEOMETRIE wahr
API3-INTRINSISCH wahr/wahr/wahr
API3-OPTIONEN option/80/3
API3-GRID 10/115/95/95
API3-GROW 10/70/120
API3-GRENZEN 80/60
API3-UNBEKANNT wahr
W6-API3-OK
KAL1-TAGE 28/29/30/31
KAL1-OFFSET 2/84
KAL1-KOPF wahr/wahr
W6-KALENDER-1-OK
KAL2-NAV 1/2027/12/2027/2037
KAL2-HEUTE wahr/26/7/2026/monat
KAL2-ANSICHT wahr/wahr/wahr/wahr
W6-KALENDER-2-OK
KAL3-NAV wahr/wahr/wahr wahr/wahr/wahr
KAL3-CANON wahr/wahr/wahr wahr/wahr/wahr
KALB-A wahr/wahr/wahr/wahr
KALB-B wahr/wahr/wahr
KALB-C wahr/wahr/wahr/wahr
KALD1-EINZEL wahr/wahr/wahr
KALD2-BEREICH wahr/wahr/wahr
KALD3-MEHRFACH wahr/wahr
KALD4-SPERREN wahr/wahr/wahr/wahr
KALD5-ISO 1/53/53/1/1/53/53/53/1
KALD5-RENDER wahr/wahr
KALD6-MARKER wahr/wahr
KALD9-CAL-API wahr/wahr/wahr
KALD12-DP wahr/05.07.2026 - 20.07.2026/wahr/05.07.2026, 12.07.2026, 20.07.2026/wahr
KALD10-BAUER wahr/wahr/wahr
KALD10-ALIASE wahr/wahr
KALD11-CALLBACK wahr/wahr/wahr
KALD13-BOUNDS wahr/wahr/wahr
KALD7-CAL wahr/wahr/wahr/wahr
KALD7-DP wahr/wahr/wahr/wahr
KALD8-LIFE wahr/wahr/wahr
KALD12-RANGE-FLOW wahr/wahr/wahr/wahr
KALD12-MULTI-FLOW wahr/wahr/wahr
KALD12-CLEAR wahr/wahr/wahr
KALD12-REOPEN wahr/wahr/wahr/wahr
KALD14-AKTIV wahr/wahr
KALD15-CANON wahr/wahr
KALD16-FREMD wahr/wahr/wahr/wahr
